edge: { sourcename: "main__TTscreenSCFD"
  targetname: "-9:ili9341_extended__ili9341_device,ili9341_extended__ili9341_device"
  label: "main.adb:58:4"
}
edge: { sourcename: "_ada_main"
  targetname: "1:hal__time__delays,hal__time__delays"
  label: "main.adb:129:12"
}
edge: { sourcename: "_ada_main"
  targetname: "3:hal__time__delays,hal__time__delays"
  label: "main.adb:159:15"
}
edge: { sourcename: "_ada_main"
  targetname: "3:hal__time__delays,hal__time__delays"
  label: "main.adb:166:15"
}
edge: { sourcename: "_ada_main"
  targetname: "3:hal__time__delays,hal__time__delays"
  label: "main.adb:175:15"
}
edge: { sourcename: "_ada_main"
  targetname: "3:hal__time__delays,hal__time__delays"
  label: "main.adb:180:15"
}
graph: { title: "C:\Users\DELL\Downloads\ADA_\Ada_Drivers_Library\examples\STM32F4_DISCO\screen test\src\main.adb"
node: { title: "__aeabi_f2d" label: "aeabi_f2d\n<built-in>" shape : ellipse }
node: { title: "ili9341_extended__fill" label: "Fill\nC:\Users\DELL\Downloads\ADA_\Ada_Drivers_Library\examples\STM32F4_DISCO\screen test\src\ili9341_extended.ads:137:14" shape : ellipse }
node: { title: "ili9341_extended__print_string" label: "Print_String\nC:\Users\DELL\Downloads\ADA_\Ada_Drivers_Library\examples\STM32F4_DISCO\screen test\src\ili9341_extended.ads:201:14" shape : ellipse }
node: { title: "system__img_real__image_floating_point" label: "Image_Floating_Point\nC:\gnat\2018-arm-elf\arm-eabi\lib\gnat\ravenscar-full-stm32f4\gnat\s-imgrea.ads:50:14" shape : ellipse }
node: { title: "ili9341_extended__draw_filled_rectangle" label: "Draw_Filled_Rectangle\nC:\Users\DELL\Downloads\ADA_\Ada_Drivers_Library\examples\STM32F4_DISCO\screen test\src\ili9341_extended.ads:183:14" shape : ellipse }
node: { title: "ili9341_extended__set_font" label: "Set_Font\nC:\Users\DELL\Downloads\ADA_\Ada_Drivers_Library\examples\STM32F4_DISCO\screen test\src\ili9341_extended.ads:165:14" shape : ellipse }
node: { title: "ili9341_extended__set_orientation" label: "Set_Orientation\nC:\Users\DELL\Downloads\ADA_\Ada_Drivers_Library\examples\STM32F4_DISCO\screen test\src\ili9341_extended.ads:146:14" shape : ellipse }
node: { title: "ili9341_extended__initialize" label: "Initialize\nC:\Users\DELL\Downloads\ADA_\Ada_Drivers_Library\examples\STM32F4_DISCO\screen test\src\ili9341_extended.ads:75:14" shape : ellipse }
node: { title: "stm32__spi__enable" label: "ENABLE\nC:\Users\DELL\Downloads\ADA_\Ada_Drivers_Library\arch\ARM\STM32\drivers\stm32-spi.ads:89:14" shape : ellipse }
node: { title: "stm32__spi__configure" label: "CONFIGURE\nC:\Users\DELL\Downloads\ADA_\Ada_Drivers_Library\arch\ARM\STM32\drivers\stm32-spi.ads:87:14" shape : ellipse }
node: { title: "stm32__device__reset__9" label: "RESET\nC:\Users\DELL\Downloads\ADA_\Ada_Drivers_Library\arch\ARM\STM32\devices\stm32f40x\stm32-device.ads:372:14" shape : ellipse }
node: { title: "stm32__gpio__configure_io__2" label: "CONFIGURE_IO\nC:\Users\DELL\Downloads\ADA_\Ada_Drivers_Library\arch\ARM\STM32\drivers\stm32-gpio.ads:267:14" shape : ellipse }
node: { title: "stm32__gpio__gpio_port_configurationIP" label: "GPIO_PORT_CONFIGURATIONIP\nC:\Users\DELL\Downloads\ADA_\Ada_Drivers_Library\arch\ARM\STM32\drivers\stm32-gpio.ads:123:9" shape : ellipse }
node: { title: "stm32__device__enable_clock__3" label: "ENABLE_CLOCK\nC:\Users\DELL\Downloads\ADA_\Ada_Drivers_Library\arch\ARM\STM32\devices\stm32f40x\stm32-device.ads:72:14" shape : ellipse }
node: { title: "stm32__gpio___assign" label: "GPIO\nC:\Users\DELL\Downloads\ADA_\Ada_Drivers_Library\arch\ARM\STM32\drivers\stm32-gpio.ads:138:9" shape : ellipse }
node: { title: "stm32__gpio__gpio_pointsIP" label: "GPIO_POINTSIP\nC:\Users\DELL\Downloads\ADA_\Ada_Drivers_Library\arch\ARM\STM32\drivers\stm32-gpio.ads:232:9" shape : ellipse }
node: { title: "stm32__device__enable_clock__10" label: "ENABLE_CLOCK\nC:\Users\DELL\Downloads\ADA_\Ada_Drivers_Library\arch\ARM\STM32\devices\stm32f40x\stm32-device.ads:371:14" shape : ellipse }
node: { title: "stm32__device__enable_clock" label: "ENABLE_CLOCK\nC:\Users\DELL\Downloads\ADA_\Ada_Drivers_Library\arch\ARM\STM32\devices\stm32f40x\stm32-device.ads:70:14" shape : ellipse }
node: { title: "stm32__user_button__initialize" label: "INITIALIZE\nC:\Users\DELL\Downloads\ADA_\Ada_Drivers_Library\boards\stm32_common\common\stm32-user_button.ads:38:14" shape : ellipse }
node: { title: "stm32__board__initialize_leds" label: "INITIALIZE_LEDS\nC:\Users\DELL\Downloads\ADA_\Ada_Drivers_Library\boards\stm32_common\stm32f407disco\stm32-board.ads:73:14" shape : ellipse }
node: { title: "ili9341_extended__ili9341_deviceIP" label: "Ili9341_Deviceip\nC:\Users\DELL\Downloads\ADA_\Ada_Drivers_Library\examples\STM32F4_DISCO\screen test\src\ili9341_extended.ads:212:9" shape : ellipse }
node: { title: "__gnat_rcheck_CE_Access_Check" label: "gnat_rcheck_CE_Access_Check\n<built-in>" shape : ellipse }
node: { title: "ravenscar_time__delays" label: "Delays\nC:\Users\DELL\Downloads\ADA_\Ada_Drivers_Library\middleware\src\ravenscar-common\ravenscar_time.ads:36:13" shape : ellipse }
node: { title: "_ada_main" label: "Main\nC:\Users\DELL\Downloads\ADA_\Ada_Drivers_Library\examples\STM32F4_DISCO\screen test\src\main.adb:54:1\n304 bytes (static)" }
edge: { sourcename: "_ada_main" targetname: "__indirect_call" label: "C:\Users\DELL\Downloads\ADA_\Ada_Drivers_Library\examples\STM32F4_DISCO\screen test\src\main.adb:180:15" }
node: { title: "__indirect_call" label: "Indirect Call Placeholder" shape : ellipse }
edge: { sourcename: "_ada_main" targetname: "ili9341_extended__fill" label: "C:\Users\DELL\Downloads\ADA_\Ada_Drivers_Library\examples\STM32F4_DISCO\screen test\src\main.adb:178:7" }
edge: { sourcename: "_ada_main" targetname: "__indirect_call" label: "C:\Users\DELL\Downloads\ADA_\Ada_Drivers_Library\examples\STM32F4_DISCO\screen test\src\main.adb:175:15" }
edge: { sourcename: "_ada_main" targetname: "ili9341_extended__print_string" label: "C:\Users\DELL\Downloads\ADA_\Ada_Drivers_Library\examples\STM32F4_DISCO\screen test\src\main.adb:168:7" }
edge: { sourcename: "_ada_main" targetname: "__indirect_call" label: "C:\Users\DELL\Downloads\ADA_\Ada_Drivers_Library\examples\STM32F4_DISCO\screen test\src\main.adb:166:15" }
edge: { sourcename: "_ada_main" targetname: "ili9341_extended__fill" label: "C:\Users\DELL\Downloads\ADA_\Ada_Drivers_Library\examples\STM32F4_DISCO\screen test\src\main.adb:164:7" }
edge: { sourcename: "_ada_main" targetname: "__indirect_call" label: "C:\Users\DELL\Downloads\ADA_\Ada_Drivers_Library\examples\STM32F4_DISCO\screen test\src\main.adb:159:15" }
edge: { sourcename: "_ada_main" targetname: "ili9341_extended__print_string" label: "C:\Users\DELL\Downloads\ADA_\Ada_Drivers_Library\examples\STM32F4_DISCO\screen test\src\main.adb:154:13" }
edge: { sourcename: "_ada_main" targetname: "system__img_real__image_floating_point" label: "C:\Users\DELL\Downloads\ADA_\Ada_Drivers_Library\examples\STM32F4_DISCO\screen test\src\main.adb:156:56" }
edge: { sourcename: "_ada_main" targetname: "__aeabi_f2d" }
edge: { sourcename: "_ada_main" targetname: "ili9341_extended__draw_filled_rectangle" label: "C:\Users\DELL\Downloads\ADA_\Ada_Drivers_Library\examples\STM32F4_DISCO\screen test\src\main.adb:147:7" }
edge: { sourcename: "_ada_main" targetname: "__indirect_call" label: "C:\Users\DELL\Downloads\ADA_\Ada_Drivers_Library\examples\STM32F4_DISCO\screen test\src\main.adb:129:12" }
edge: { sourcename: "_ada_main" targetname: "ili9341_extended__set_font" label: "C:\Users\DELL\Downloads\ADA_\Ada_Drivers_Library\examples\STM32F4_DISCO\screen test\src\main.adb:125:10" }
edge: { sourcename: "_ada_main" targetname: "ili9341_extended__set_orientation" label: "C:\Users\DELL\Downloads\ADA_\Ada_Drivers_Library\examples\STM32F4_DISCO\screen test\src\main.adb:124:10" }
edge: { sourcename: "_ada_main" targetname: "ili9341_extended__initialize" label: "C:\Users\DELL\Downloads\ADA_\Ada_Drivers_Library\examples\STM32F4_DISCO\screen test\src\main.adb:123:4" }
edge: { sourcename: "_ada_main" targetname: "stm32__gpio__configure_io__2" label: "C:\Users\DELL\Downloads\ADA_\Ada_Drivers_Library\examples\STM32F4_DISCO\screen test\src\main.adb:119:10" }
edge: { sourcename: "_ada_main" targetname: "stm32__gpio___assign" label: "C:\Users\DELL\Downloads\ADA_\Ada_Drivers_Library\examples\STM32F4_DISCO\screen test\src\main.adb:119:34" }
edge: { sourcename: "_ada_main" targetname: "stm32__gpio___assign" label: "C:\Users\DELL\Downloads\ADA_\Ada_Drivers_Library\examples\STM32F4_DISCO\screen test\src\main.adb:119:34" }
edge: { sourcename: "_ada_main" targetname: "stm32__gpio___assign" label: "C:\Users\DELL\Downloads\ADA_\Ada_Drivers_Library\examples\STM32F4_DISCO\screen test\src\main.adb:119:34" }
edge: { sourcename: "_ada_main" targetname: "stm32__gpio__gpio_pointsIP" label: "C:\Users\DELL\Downloads\ADA_\Ada_Drivers_Library\examples\STM32F4_DISCO\screen test\src\main.adb:119:34" }
edge: { sourcename: "_ada_main" targetname: "stm32__gpio__gpio_port_configurationIP" label: "C:\Users\DELL\Downloads\ADA_\Ada_Drivers_Library\examples\STM32F4_DISCO\screen test\src\main.adb:112:10" }
edge: { sourcename: "_ada_main" targetname: "stm32__spi__enable" label: "C:\Users\DELL\Downloads\ADA_\Ada_Drivers_Library\examples\STM32F4_DISCO\screen test\src\main.adb:107:16" }
edge: { sourcename: "_ada_main" targetname: "stm32__spi__configure" label: "C:\Users\DELL\Downloads\ADA_\Ada_Drivers_Library\examples\STM32F4_DISCO\screen test\src\main.adb:105:10" }
edge: { sourcename: "_ada_main" targetname: "stm32__device__reset__9" label: "C:\Users\DELL\Downloads\ADA_\Ada_Drivers_Library\examples\STM32F4_DISCO\screen test\src\main.adb:88:7" }
edge: { sourcename: "_ada_main" targetname: "stm32__gpio__configure_io__2" label: "C:\Users\DELL\Downloads\ADA_\Ada_Drivers_Library\examples\STM32F4_DISCO\screen test\src\main.adb:87:7" }
edge: { sourcename: "_ada_main" targetname: "stm32__gpio___assign" label: "C:\Users\DELL\Downloads\ADA_\Ada_Drivers_Library\examples\STM32F4_DISCO\screen test\src\main.adb:87:42" }
edge: { sourcename: "_ada_main" targetname: "stm32__gpio___assign" label: "C:\Users\DELL\Downloads\ADA_\Ada_Drivers_Library\examples\STM32F4_DISCO\screen test\src\main.adb:87:42" }
edge: { sourcename: "_ada_main" targetname: "stm32__gpio___assign" label: "C:\Users\DELL\Downloads\ADA_\Ada_Drivers_Library\examples\STM32F4_DISCO\screen test\src\main.adb:87:42" }
edge: { sourcename: "_ada_main" targetname: "stm32__gpio__gpio_pointsIP" label: "C:\Users\DELL\Downloads\ADA_\Ada_Drivers_Library\examples\STM32F4_DISCO\screen test\src\main.adb:87:42" }
edge: { sourcename: "_ada_main" targetname: "stm32__gpio__gpio_port_configurationIP" label: "C:\Users\DELL\Downloads\ADA_\Ada_Drivers_Library\examples\STM32F4_DISCO\screen test\src\main.adb:79:10" }
edge: { sourcename: "_ada_main" targetname: "stm32__device__enable_clock__3" label: "C:\Users\DELL\Downloads\ADA_\Ada_Drivers_Library\examples\STM32F4_DISCO\screen test\src\main.adb:76:4" }
edge: { sourcename: "_ada_main" targetname: "stm32__gpio___assign" label: "C:\Users\DELL\Downloads\ADA_\Ada_Drivers_Library\examples\STM32F4_DISCO\screen test\src\main.adb:76:57" }
edge: { sourcename: "_ada_main" targetname: "stm32__gpio___assign" label: "C:\Users\DELL\Downloads\ADA_\Ada_Drivers_Library\examples\STM32F4_DISCO\screen test\src\main.adb:76:57" }
edge: { sourcename: "_ada_main" targetname: "stm32__gpio___assign" label: "C:\Users\DELL\Downloads\ADA_\Ada_Drivers_Library\examples\STM32F4_DISCO\screen test\src\main.adb:76:57" }
edge: { sourcename: "_ada_main" targetname: "stm32__gpio___assign" label: "C:\Users\DELL\Downloads\ADA_\Ada_Drivers_Library\examples\STM32F4_DISCO\screen test\src\main.adb:76:57" }
edge: { sourcename: "_ada_main" targetname: "stm32__gpio___assign" label: "C:\Users\DELL\Downloads\ADA_\Ada_Drivers_Library\examples\STM32F4_DISCO\screen test\src\main.adb:76:57" }
edge: { sourcename: "_ada_main" targetname: "stm32__gpio___assign" label: "C:\Users\DELL\Downloads\ADA_\Ada_Drivers_Library\examples\STM32F4_DISCO\screen test\src\main.adb:76:57" }
edge: { sourcename: "_ada_main" targetname: "stm32__gpio__gpio_pointsIP" label: "C:\Users\DELL\Downloads\ADA_\Ada_Drivers_Library\examples\STM32F4_DISCO\screen test\src\main.adb:76:57" }
edge: { sourcename: "_ada_main" targetname: "stm32__device__enable_clock__10" label: "C:\Users\DELL\Downloads\ADA_\Ada_Drivers_Library\examples\STM32F4_DISCO\screen test\src\main.adb:75:4" }
edge: { sourcename: "_ada_main" targetname: "stm32__device__enable_clock" label: "C:\Users\DELL\Downloads\ADA_\Ada_Drivers_Library\examples\STM32F4_DISCO\screen test\src\main.adb:74:4" }
edge: { sourcename: "_ada_main" targetname: "stm32__user_button__initialize" label: "C:\Users\DELL\Downloads\ADA_\Ada_Drivers_Library\examples\STM32F4_DISCO\screen test\src\main.adb:71:21" }
edge: { sourcename: "_ada_main" targetname: "stm32__board__initialize_leds" label: "C:\Users\DELL\Downloads\ADA_\Ada_Drivers_Library\examples\STM32F4_DISCO\screen test\src\main.adb:69:4" }
edge: { sourcename: "_ada_main" targetname: "ili9341_extended__ili9341_deviceIP" label: "C:\Users\DELL\Downloads\ADA_\Ada_Drivers_Library\examples\STM32F4_DISCO\screen test\src\main.adb:58:4" }
edge: { sourcename: "_ada_main" targetname: "__gnat_rcheck_CE_Access_Check" label: "C:\Users\DELL\Downloads\ADA_\Ada_Drivers_Library\examples\STM32F4_DISCO\screen test\src\main.adb:62:28" }
edge: { sourcename: "_ada_main" targetname: "ravenscar_time__delays" label: "C:\Users\DELL\Downloads\ADA_\Ada_Drivers_Library\examples\STM32F4_DISCO\screen test\src\main.adb:56:4" }
}
