edge: { sourcename: "main__TTscreenSCFD"
  targetname: "-9:ili9341_extended__ili9341_device,ili9341_extended__ili9341_device"
  label: "main.adb:57:4"
}
edge: { sourcename: "main__TTgesture_objectSCFD"
  targetname: "-9:apds9960_gesture__apds9960_device,apds9960_gesture__apds9960_device"
  label: "main.adb:71:4"
}
edge: { sourcename: "_ada_main"
  targetname: "1:hal__time__delays,hal__time__delays"
  label: "main.adb:148:12"
}
edge: { sourcename: "_ada_main"
  targetname: "3:hal__time__delays,hal__time__delays"
  label: "main.adb:159:12"
}
edge: { sourcename: "_ada_main"
  targetname: "3:hal__time__delays,hal__time__delays"
  label: "main.adb:182:15"
}
graph: { title: "C:\Users\DELL\Downloads\ADA_\Ada_Drivers_Library\examples\STM32F4_DISCO\gesture_test\src\main.adb"
node: { title: "stm32__gpio__configure_trigger" label: "CONFIGURE_TRIGGER\nC:\Users\DELL\Downloads\ADA_\Ada_Drivers_Library\arch\ARM\STM32\drivers\stm32-gpio.ads:220:14" shape : ellipse }
node: { title: "stm32__gpio__configure_io" label: "CONFIGURE_IO\nC:\Users\DELL\Downloads\ADA_\Ada_Drivers_Library\arch\ARM\STM32\drivers\stm32-gpio.ads:207:14" shape : ellipse }
node: { title: "stm32__device__enable_clock__2" label: "ENABLE_CLOCK\nC:\Users\DELL\Downloads\ADA_\Ada_Drivers_Library\arch\ARM\STM32\devices\stm32f40x\stm32-device.ads:71:14" shape : ellipse }
node: { title: "ili9341_extended__draw_filled_rectangle" label: "Draw_Filled_Rectangle\nC:\Users\DELL\Downloads\ADA_\Ada_Drivers_Library\examples\STM32F4_DISCO\gesture_test\src\ili9341_extended.ads:183:14" shape : ellipse }
node: { title: "ili9341_extended__print_string" label: "Print_String\nC:\Users\DELL\Downloads\ADA_\Ada_Drivers_Library\examples\STM32F4_DISCO\gesture_test\src\ili9341_extended.ads:201:14" shape : ellipse }
node: { title: "system__img_enum_new__image_enumeration_8" label: "Image_Enumeration_8\nC:\gnat\2018-arm-elf\arm-eabi\lib\gnat\ravenscar-full-stm32f4\gnat\s-imenne.ads:48:14" shape : ellipse }
node: { title: "__gnat_rcheck_CE_Invalid_Data" label: "gnat_rcheck_CE_Invalid_Data\n<built-in>" shape : ellipse }
node: { title: "stm32__gpio__toggle" label: "TOGGLE\nC:\Users\DELL\Downloads\ADA_\Ada_Drivers_Library\arch\ARM\STM32\drivers\stm32-gpio.ads:188:14" shape : ellipse }
node: { title: "apds9960_gesture__readgesture" label: "readgesture\nC:\Users\DELL\Downloads\ADA_\Ada_Drivers_Library\examples\STM32F4_DISCO\gesture_test\src\apds9960_gesture.ads:109:13" shape : ellipse }
node: { title: "ada__synchronous_task_control__suspend_until_true" label: "Suspend_Until_True\nC:\gnat\2018-arm-elf\arm-eabi\lib\gnat\ravenscar-full-stm32f4\gnat\a-sytaco.ads:63:14" shape : ellipse }
node: { title: "stm32__gpio__clear" label: "CLEAR\nC:\Users\DELL\Downloads\ADA_\Ada_Drivers_Library\arch\ARM\STM32\drivers\stm32-gpio.ads:182:14" shape : ellipse }
node: { title: "stm32__gpio__set__2" label: "SET\nC:\Users\DELL\Downloads\ADA_\Ada_Drivers_Library\arch\ARM\STM32\drivers\stm32-gpio.ads:176:14" shape : ellipse }
node: { title: "apds9960_gesture__enable_gesture_sensor" label: "enable_gesture_sensor\nC:\Users\DELL\Downloads\ADA_\Ada_Drivers_Library\examples\STM32F4_DISCO\gesture_test\src\apds9960_gesture.ads:105:14" shape : ellipse }
node: { title: "apds9960_gesture__init" label: "init\nC:\Users\DELL\Downloads\ADA_\Ada_Drivers_Library\examples\STM32F4_DISCO\gesture_test\src\apds9960_gesture.ads:104:14" shape : ellipse }
node: { title: "ili9341_extended__fill" label: "Fill\nC:\Users\DELL\Downloads\ADA_\Ada_Drivers_Library\examples\STM32F4_DISCO\gesture_test\src\ili9341_extended.ads:137:14" shape : ellipse }
node: { title: "ili9341_extended__set_font" label: "Set_Font\nC:\Users\DELL\Downloads\ADA_\Ada_Drivers_Library\examples\STM32F4_DISCO\gesture_test\src\ili9341_extended.ads:165:14" shape : ellipse }
node: { title: "ili9341_extended__set_orientation" label: "Set_Orientation\nC:\Users\DELL\Downloads\ADA_\Ada_Drivers_Library\examples\STM32F4_DISCO\gesture_test\src\ili9341_extended.ads:146:14" shape : ellipse }
node: { title: "ili9341_extended__initialize" label: "Initialize\nC:\Users\DELL\Downloads\ADA_\Ada_Drivers_Library\examples\STM32F4_DISCO\gesture_test\src\ili9341_extended.ads:75:14" shape : ellipse }
node: { title: "stm32__spi__enable" label: "ENABLE\nC:\Users\DELL\Downloads\ADA_\Ada_Drivers_Library\arch\ARM\STM32\drivers\stm32-spi.ads:89:14" shape : ellipse }
node: { title: "stm32__spi__configure" label: "CONFIGURE\nC:\Users\DELL\Downloads\ADA_\Ada_Drivers_Library\arch\ARM\STM32\drivers\stm32-spi.ads:87:14" shape : ellipse }
node: { title: "stm32__device__reset__9" label: "RESET\nC:\Users\DELL\Downloads\ADA_\Ada_Drivers_Library\arch\ARM\STM32\devices\stm32f40x\stm32-device.ads:372:14" shape : ellipse }
node: { title: "stm32__gpio__configure_io__2" label: "CONFIGURE_IO\nC:\Users\DELL\Downloads\ADA_\Ada_Drivers_Library\arch\ARM\STM32\drivers\stm32-gpio.ads:267:14" shape : ellipse }
node: { title: "stm32__gpio__gpio_port_configurationIP" label: "GPIO_PORT_CONFIGURATIONIP\nC:\Users\DELL\Downloads\ADA_\Ada_Drivers_Library\arch\ARM\STM32\drivers\stm32-gpio.ads:123:9" shape : ellipse }
node: { title: "stm32__device__enable_clock__3" label: "ENABLE_CLOCK\nC:\Users\DELL\Downloads\ADA_\Ada_Drivers_Library\arch\ARM\STM32\devices\stm32f40x\stm32-device.ads:72:14" shape : ellipse }
node: { title: "stm32__gpio___assign" label: "GPIO\nC:\Users\DELL\Downloads\ADA_\Ada_Drivers_Library\arch\ARM\STM32\drivers\stm32-gpio.ads:138:9" shape : ellipse }
node: { title: "stm32__gpio__gpio_pointsIP" label: "GPIO_POINTSIP\nC:\Users\DELL\Downloads\ADA_\Ada_Drivers_Library\arch\ARM\STM32\drivers\stm32-gpio.ads:232:9" shape : ellipse }
node: { title: "stm32__device__enable_clock__10" label: "ENABLE_CLOCK\nC:\Users\DELL\Downloads\ADA_\Ada_Drivers_Library\arch\ARM\STM32\devices\stm32f40x\stm32-device.ads:371:14" shape : ellipse }
node: { title: "stm32__device__enable_clock" label: "ENABLE_CLOCK\nC:\Users\DELL\Downloads\ADA_\Ada_Drivers_Library\arch\ARM\STM32\devices\stm32f40x\stm32-device.ads:70:14" shape : ellipse }
node: { title: "stm32__user_button__initialize" label: "INITIALIZE\nC:\Users\DELL\Downloads\ADA_\Ada_Drivers_Library\boards\stm32_common\common\stm32-user_button.ads:38:14" shape : ellipse }
node: { title: "stm32__board__initialize_audio" label: "INITIALIZE_AUDIO\nC:\Users\DELL\Downloads\ADA_\Ada_Drivers_Library\boards\stm32_common\stm32f407disco\stm32-board.ads:85:14" shape : ellipse }
node: { title: "stm32__board__initialize_leds" label: "INITIALIZE_LEDS\nC:\Users\DELL\Downloads\ADA_\Ada_Drivers_Library\boards\stm32_common\stm32f407disco\stm32-board.ads:73:14" shape : ellipse }
node: { title: "apds9960_gesture__apds9960_deviceIP" label: "apds9960_deviceip\nC:\Users\DELL\Downloads\ADA_\Ada_Drivers_Library\examples\STM32F4_DISCO\gesture_test\src\apds9960_gesture.ads:220:9" shape : ellipse }
node: { title: "ili9341_extended__ili9341_deviceIP" label: "Ili9341_Deviceip\nC:\Users\DELL\Downloads\ADA_\Ada_Drivers_Library\examples\STM32F4_DISCO\gesture_test\src\ili9341_extended.ads:211:9" shape : ellipse }
node: { title: "__gnat_rcheck_CE_Access_Check" label: "gnat_rcheck_CE_Access_Check\n<built-in>" shape : ellipse }
node: { title: "ravenscar_time__delays" label: "Delays\nC:\Users\DELL\Downloads\ADA_\Ada_Drivers_Library\middleware\src\ravenscar-common\ravenscar_time.ads:36:13" shape : ellipse }
node: { title: "C:\Users\DELL\Downloads\ADA_\Ada_Drivers_Library\examples\STM32F4_DISCO\gesture_test\src\main.adb:main__configure_gesture_interrupt.6511" label: "Configure_Gesture_Interrupt\nC:\Users\DELL\Downloads\ADA_\Ada_Drivers_Library\examples\STM32F4_DISCO\gesture_test\src\main.adb:79:4\n16 bytes (static)" }
edge: { sourcename: "C:\Users\DELL\Downloads\ADA_\Ada_Drivers_Library\examples\STM32F4_DISCO\gesture_test\src\main.adb:main__configure_gesture_interrupt.6511" targetname: "stm32__gpio__configure_trigger" label: "C:\Users\DELL\Downloads\ADA_\Ada_Drivers_Library\examples\STM32F4_DISCO\gesture_test\src\main.adb:83:7" }
edge: { sourcename: "C:\Users\DELL\Downloads\ADA_\Ada_Drivers_Library\examples\STM32F4_DISCO\gesture_test\src\main.adb:main__configure_gesture_interrupt.6511" targetname: "stm32__gpio__configure_io" label: "C:\Users\DELL\Downloads\ADA_\Ada_Drivers_Library\examples\STM32F4_DISCO\gesture_test\src\main.adb:82:7" }
edge: { sourcename: "C:\Users\DELL\Downloads\ADA_\Ada_Drivers_Library\examples\STM32F4_DISCO\gesture_test\src\main.adb:main__configure_gesture_interrupt.6511" targetname: "stm32__device__enable_clock__2" label: "C:\Users\DELL\Downloads\ADA_\Ada_Drivers_Library\examples\STM32F4_DISCO\gesture_test\src\main.adb:81:7" }
node: { title: "_ada_main" label: "Main\nC:\Users\DELL\Downloads\ADA_\Ada_Drivers_Library\examples\STM32F4_DISCO\gesture_test\src\main.adb:53:1\n312 bytes (static)" }
edge: { sourcename: "_ada_main" targetname: "ili9341_extended__draw_filled_rectangle" label: "C:\Users\DELL\Downloads\ADA_\Ada_Drivers_Library\examples\STM32F4_DISCO\gesture_test\src\main.adb:183:13" }
edge: { sourcename: "_ada_main" targetname: "__indirect_call" label: "C:\Users\DELL\Downloads\ADA_\Ada_Drivers_Library\examples\STM32F4_DISCO\gesture_test\src\main.adb:182:15" }
node: { title: "__indirect_call" label: "Indirect Call Placeholder" shape : ellipse }
edge: { sourcename: "_ada_main" targetname: "ili9341_extended__print_string" label: "C:\Users\DELL\Downloads\ADA_\Ada_Drivers_Library\examples\STM32F4_DISCO\gesture_test\src\main.adb:176:13" }
edge: { sourcename: "_ada_main" targetname: "system__img_enum_new__image_enumeration_8" label: "C:\Users\DELL\Downloads\ADA_\Ada_Drivers_Library\examples\STM32F4_DISCO\gesture_test\src\main.adb:178:59" }
edge: { sourcename: "_ada_main" targetname: "__gnat_rcheck_CE_Invalid_Data" label: "C:\Users\DELL\Downloads\ADA_\Ada_Drivers_Library\examples\STM32F4_DISCO\gesture_test\src\main.adb:178:47" }
edge: { sourcename: "_ada_main" targetname: "stm32__gpio__toggle" label: "C:\Users\DELL\Downloads\ADA_\Ada_Drivers_Library\examples\STM32F4_DISCO\gesture_test\src\main.adb:174:18" }
edge: { sourcename: "_ada_main" targetname: "apds9960_gesture__readgesture" label: "C:\Users\DELL\Downloads\ADA_\Ada_Drivers_Library\examples\STM32F4_DISCO\gesture_test\src\main.adb:165:20" }
edge: { sourcename: "_ada_main" targetname: "ada__synchronous_task_control__suspend_until_true" label: "C:\Users\DELL\Downloads\ADA_\Ada_Drivers_Library\examples\STM32F4_DISCO\gesture_test\src\main.adb:164:7" }
edge: { sourcename: "_ada_main" targetname: "stm32__gpio__clear" label: "C:\Users\DELL\Downloads\ADA_\Ada_Drivers_Library\examples\STM32F4_DISCO\gesture_test\src\main.adb:160:4" }
edge: { sourcename: "_ada_main" targetname: "__indirect_call" label: "C:\Users\DELL\Downloads\ADA_\Ada_Drivers_Library\examples\STM32F4_DISCO\gesture_test\src\main.adb:159:12" }
edge: { sourcename: "_ada_main" targetname: "stm32__gpio__set__2" label: "C:\Users\DELL\Downloads\ADA_\Ada_Drivers_Library\examples\STM32F4_DISCO\gesture_test\src\main.adb:158:4" }
edge: { sourcename: "_ada_main" targetname: "apds9960_gesture__enable_gesture_sensor" label: "C:\Users\DELL\Downloads\ADA_\Ada_Drivers_Library\examples\STM32F4_DISCO\gesture_test\src\main.adb:157:18" }
edge: { sourcename: "_ada_main" targetname: "apds9960_gesture__init" label: "C:\Users\DELL\Downloads\ADA_\Ada_Drivers_Library\examples\STM32F4_DISCO\gesture_test\src\main.adb:156:18" }
edge: { sourcename: "_ada_main" targetname: "C:\Users\DELL\Downloads\ADA_\Ada_Drivers_Library\examples\STM32F4_DISCO\gesture_test\src\main.adb:main__configure_gesture_interrupt.6511" label: "C:\Users\DELL\Downloads\ADA_\Ada_Drivers_Library\examples\STM32F4_DISCO\gesture_test\src\main.adb:154:4" }
edge: { sourcename: "_ada_main" targetname: "ili9341_extended__fill" label: "C:\Users\DELL\Downloads\ADA_\Ada_Drivers_Library\examples\STM32F4_DISCO\gesture_test\src\main.adb:150:4" }
edge: { sourcename: "_ada_main" targetname: "__indirect_call" label: "C:\Users\DELL\Downloads\ADA_\Ada_Drivers_Library\examples\STM32F4_DISCO\gesture_test\src\main.adb:148:12" }
edge: { sourcename: "_ada_main" targetname: "ili9341_extended__set_font" label: "C:\Users\DELL\Downloads\ADA_\Ada_Drivers_Library\examples\STM32F4_DISCO\gesture_test\src\main.adb:146:10" }
edge: { sourcename: "_ada_main" targetname: "ili9341_extended__set_orientation" label: "C:\Users\DELL\Downloads\ADA_\Ada_Drivers_Library\examples\STM32F4_DISCO\gesture_test\src\main.adb:145:10" }
edge: { sourcename: "_ada_main" targetname: "ili9341_extended__initialize" label: "C:\Users\DELL\Downloads\ADA_\Ada_Drivers_Library\examples\STM32F4_DISCO\gesture_test\src\main.adb:144:4" }
edge: { sourcename: "_ada_main" targetname: "stm32__gpio__configure_io__2" label: "C:\Users\DELL\Downloads\ADA_\Ada_Drivers_Library\examples\STM32F4_DISCO\gesture_test\src\main.adb:140:10" }
edge: { sourcename: "_ada_main" targetname: "stm32__gpio___assign" label: "C:\Users\DELL\Downloads\ADA_\Ada_Drivers_Library\examples\STM32F4_DISCO\gesture_test\src\main.adb:140:34" }
edge: { sourcename: "_ada_main" targetname: "stm32__gpio___assign" label: "C:\Users\DELL\Downloads\ADA_\Ada_Drivers_Library\examples\STM32F4_DISCO\gesture_test\src\main.adb:140:34" }
edge: { sourcename: "_ada_main" targetname: "stm32__gpio___assign" label: "C:\Users\DELL\Downloads\ADA_\Ada_Drivers_Library\examples\STM32F4_DISCO\gesture_test\src\main.adb:140:34" }
edge: { sourcename: "_ada_main" targetname: "stm32__gpio__gpio_pointsIP" label: "C:\Users\DELL\Downloads\ADA_\Ada_Drivers_Library\examples\STM32F4_DISCO\gesture_test\src\main.adb:140:34" }
edge: { sourcename: "_ada_main" targetname: "stm32__gpio__gpio_port_configurationIP" label: "C:\Users\DELL\Downloads\ADA_\Ada_Drivers_Library\examples\STM32F4_DISCO\gesture_test\src\main.adb:133:10" }
edge: { sourcename: "_ada_main" targetname: "stm32__spi__enable" label: "C:\Users\DELL\Downloads\ADA_\Ada_Drivers_Library\examples\STM32F4_DISCO\gesture_test\src\main.adb:128:16" }
edge: { sourcename: "_ada_main" targetname: "stm32__spi__configure" label: "C:\Users\DELL\Downloads\ADA_\Ada_Drivers_Library\examples\STM32F4_DISCO\gesture_test\src\main.adb:126:10" }
edge: { sourcename: "_ada_main" targetname: "stm32__device__reset__9" label: "C:\Users\DELL\Downloads\ADA_\Ada_Drivers_Library\examples\STM32F4_DISCO\gesture_test\src\main.adb:109:7" }
edge: { sourcename: "_ada_main" targetname: "stm32__gpio__configure_io__2" label: "C:\Users\DELL\Downloads\ADA_\Ada_Drivers_Library\examples\STM32F4_DISCO\gesture_test\src\main.adb:108:7" }
edge: { sourcename: "_ada_main" targetname: "stm32__gpio___assign" label: "C:\Users\DELL\Downloads\ADA_\Ada_Drivers_Library\examples\STM32F4_DISCO\gesture_test\src\main.adb:108:42" }
edge: { sourcename: "_ada_main" targetname: "stm32__gpio___assign" label: "C:\Users\DELL\Downloads\ADA_\Ada_Drivers_Library\examples\STM32F4_DISCO\gesture_test\src\main.adb:108:42" }
edge: { sourcename: "_ada_main" targetname: "stm32__gpio___assign" label: "C:\Users\DELL\Downloads\ADA_\Ada_Drivers_Library\examples\STM32F4_DISCO\gesture_test\src\main.adb:108:42" }
edge: { sourcename: "_ada_main" targetname: "stm32__gpio__gpio_pointsIP" label: "C:\Users\DELL\Downloads\ADA_\Ada_Drivers_Library\examples\STM32F4_DISCO\gesture_test\src\main.adb:108:42" }
edge: { sourcename: "_ada_main" targetname: "stm32__gpio__gpio_port_configurationIP" label: "C:\Users\DELL\Downloads\ADA_\Ada_Drivers_Library\examples\STM32F4_DISCO\gesture_test\src\main.adb:100:10" }
edge: { sourcename: "_ada_main" targetname: "stm32__device__enable_clock__3" label: "C:\Users\DELL\Downloads\ADA_\Ada_Drivers_Library\examples\STM32F4_DISCO\gesture_test\src\main.adb:97:4" }
edge: { sourcename: "_ada_main" targetname: "stm32__gpio___assign" label: "C:\Users\DELL\Downloads\ADA_\Ada_Drivers_Library\examples\STM32F4_DISCO\gesture_test\src\main.adb:97:57" }
edge: { sourcename: "_ada_main" targetname: "stm32__gpio___assign" label: "C:\Users\DELL\Downloads\ADA_\Ada_Drivers_Library\examples\STM32F4_DISCO\gesture_test\src\main.adb:97:57" }
edge: { sourcename: "_ada_main" targetname: "stm32__gpio___assign" label: "C:\Users\DELL\Downloads\ADA_\Ada_Drivers_Library\examples\STM32F4_DISCO\gesture_test\src\main.adb:97:57" }
edge: { sourcename: "_ada_main" targetname: "stm32__gpio___assign" label: "C:\Users\DELL\Downloads\ADA_\Ada_Drivers_Library\examples\STM32F4_DISCO\gesture_test\src\main.adb:97:57" }
edge: { sourcename: "_ada_main" targetname: "stm32__gpio___assign" label: "C:\Users\DELL\Downloads\ADA_\Ada_Drivers_Library\examples\STM32F4_DISCO\gesture_test\src\main.adb:97:57" }
edge: { sourcename: "_ada_main" targetname: "stm32__gpio___assign" label: "C:\Users\DELL\Downloads\ADA_\Ada_Drivers_Library\examples\STM32F4_DISCO\gesture_test\src\main.adb:97:57" }
edge: { sourcename: "_ada_main" targetname: "stm32__gpio__gpio_pointsIP" label: "C:\Users\DELL\Downloads\ADA_\Ada_Drivers_Library\examples\STM32F4_DISCO\gesture_test\src\main.adb:97:57" }
edge: { sourcename: "_ada_main" targetname: "stm32__device__enable_clock__10" label: "C:\Users\DELL\Downloads\ADA_\Ada_Drivers_Library\examples\STM32F4_DISCO\gesture_test\src\main.adb:96:4" }
edge: { sourcename: "_ada_main" targetname: "stm32__device__enable_clock" label: "C:\Users\DELL\Downloads\ADA_\Ada_Drivers_Library\examples\STM32F4_DISCO\gesture_test\src\main.adb:95:4" }
edge: { sourcename: "_ada_main" targetname: "stm32__user_button__initialize" label: "C:\Users\DELL\Downloads\ADA_\Ada_Drivers_Library\examples\STM32F4_DISCO\gesture_test\src\main.adb:92:21" }
edge: { sourcename: "_ada_main" targetname: "stm32__board__initialize_audio" label: "C:\Users\DELL\Downloads\ADA_\Ada_Drivers_Library\examples\STM32F4_DISCO\gesture_test\src\main.adb:90:3" }
edge: { sourcename: "_ada_main" targetname: "stm32__board__initialize_leds" label: "C:\Users\DELL\Downloads\ADA_\Ada_Drivers_Library\examples\STM32F4_DISCO\gesture_test\src\main.adb:87:4" }
edge: { sourcename: "_ada_main" targetname: "apds9960_gesture__apds9960_deviceIP" label: "C:\Users\DELL\Downloads\ADA_\Ada_Drivers_Library\examples\STM32F4_DISCO\gesture_test\src\main.adb:71:4" }
edge: { sourcename: "_ada_main" targetname: "ili9341_extended__ili9341_deviceIP" label: "C:\Users\DELL\Downloads\ADA_\Ada_Drivers_Library\examples\STM32F4_DISCO\gesture_test\src\main.adb:57:4" }
edge: { sourcename: "_ada_main" targetname: "__gnat_rcheck_CE_Access_Check" label: "C:\Users\DELL\Downloads\ADA_\Ada_Drivers_Library\examples\STM32F4_DISCO\gesture_test\src\main.adb:61:28" }
edge: { sourcename: "_ada_main" targetname: "ravenscar_time__delays" label: "C:\Users\DELL\Downloads\ADA_\Ada_Drivers_Library\examples\STM32F4_DISCO\gesture_test\src\main.adb:55:4" }
}
